[    0.000000] Linux version 4.15.0-58-generic (buildd@lcy01-amd64-013) (gcc version 7.4.0 (Ubuntu 7.4.0-1ubuntu1~18.04.1)) #64-Ubuntu SMP Tue Aug 6 11:12:41 UTC 2019 (Ubuntu 4.15.0-58.64-generic 4.15.18)
[    0.000000] Command line: BOOT_IMAGE=/boot/vmlinuz-4.15.0-58-generic root=LABEL=cloudimg-rootfs ro console=tty1 console=ttyS0
[    0.000000] KERNEL supported cpus:
[    0.000000]   Intel GenuineIntel
[    0.000000]   AMD AuthenticAMD
[    0.000000]   Centaur CentaurHauls
[    0.000000] x86/fpu: Supporting XSAVE feature 0x001: 'x87 floating point registers'
[    0.000000] x86/fpu: Supporting XSAVE feature 0x002: 'SSE registers'
[    0.000000] x86/fpu: Supporting XSAVE feature 0x004: 'AVX registers'
[    0.000000] x86/fpu: xstate_offset[2]:  576, xstate_sizes[2]:  256
[    0.000000] x86/fpu: Enabled xstate features 0x7, context size is 832 bytes, using 'standard' format.
[    0.000000] e820: BIOS-provided physical RAM map:
[    0.000000] BIOS-e820: [mem 0x0000000000000000-0x000000000009fbff] usable
[    0.000000] BIOS-e820: [mem 0x000000000009fc00-0x000000000009ffff] reserved
[    0.000000] BIOS-e820: [mem 0x00000000000f0000-0x00000000000fffff] reserved
[    0.000000] BIOS-e820: [mem 0x0000000000100000-0x000000007ffeffff] usable
[    0.000000] BIOS-e820: [mem 0x000000007fff0000-0x000000007fffffff] ACPI data
[    0.000000] BIOS-e820: [mem 0x00000000fec00000-0x00000000fec00fff] reserved
[    0.000000] BIOS-e820: [mem 0x00000000fee00000-0x00000000fee00fff] reserved
[    0.000000] BIOS-e820: [mem 0x00000000fffc0000-0x00000000ffffffff] reserved
[    0.000000] NX (Execute Disable) protection: active
[    0.000000] SMBIOS 2.5 present.
[    0.000000] DMI: innotek GmbH VirtualBox/VirtualBox, BIOS VirtualBox 12/01/2006
[    0.000000] Hypervisor detected: KVM
[    0.000000] e820: last_pfn = 0x7fff0 max_arch_pfn = 0x400000000
[    0.000000] MTRR: Disabled
[    0.000000] x86/PAT: MTRRs disabled, skipping PAT initialization too.
[    0.000000] CPU MTRRs all blank - virtualized system.
[    0.000000] x86/PAT: Configuration [0-7]: WB  WT  UC- UC  WB  WT  UC- UC  
[    0.000000] found SMP MP-table at [mem 0x0009fff0-0x0009ffff] mapped at [        (ptrval)]
[    0.000000] Scanning 1 areas for low memory corruption
[    0.000000] RAMDISK: [mem 0x35a8b000-0x36d3cfff]
[    0.000000] ACPI: Early table checksum verification disabled
[    0.000000] ACPI: RSDP 0x00000000000E0000 000024 (v02 VBOX  )
[    0.000000] ACPI: XSDT 0x000000007FFF0030 00003C (v01 VBOX   VBOXXSDT 00000001 ASL  00000061)
[    0.000000] ACPI: FACP 0x000000007FFF00F0 0000F4 (v04 VBOX   VBOXFACP 00000001 ASL  00000061)
[    0.000000] ACPI: DSDT 0x000000007FFF0470 0022EA (v02 VBOX   VBOXBIOS 00000002 INTL 20100528)
[    0.000000] ACPI: FACS 0x000000007FFF0200 000040
[    0.000000] ACPI: FACS 0x000000007FFF0200 000040
[    0.000000] ACPI: APIC 0x000000007FFF0240 00005C (v02 VBOX   VBOXAPIC 00000001 ASL  00000061)
[    0.000000] ACPI: SSDT 0x000000007FFF02A0 0001CC (v01 VBOX   VBOXCPUT 00000002 INTL 20100528)
[    0.000000] No NUMA configuration found
[    0.000000] Faking a node at [mem 0x0000000000000000-0x000000007ffeffff]
[    0.000000] NODE_DATA(0) allocated [mem 0x7ffc5000-0x7ffeffff]
[    0.000000] kvm-clock: cpu 0, msr 0:7ff44001, primary cpu clock
[    0.000000] kvm-clock: Using msrs 4b564d01 and 4b564d00
[    0.000000] kvm-clock: using sched offset of 3254954748 cycles
[    0.000000] clocksource: kvm-clock: mask: 0xffffffffffffffff max_cycles: 0x1cd42e4dffb, max_idle_ns: 881590591483 ns
[    0.000000] Zone ranges:
[    0.000000]   DMA      [mem 0x0000000000001000-0x0000000000ffffff]
[    0.000000]   DMA32    [mem 0x0000000001000000-0x000000007ffeffff]
[    0.000000]   Normal   empty
[    0.000000]   Device   empty
[    0.000000] Movable zone start for each node
[    0.000000] Early memory node ranges
[    0.000000]   node   0: [mem 0x0000000000001000-0x000000000009efff]
[    0.000000]   node   0: [mem 0x0000000000100000-0x000000007ffeffff]
[    0.000000] Reserved but unavailable: 98 pages
[    0.000000] Initmem setup node 0 [mem 0x0000000000001000-0x000000007ffeffff]
[    0.000000] ACPI: PM-Timer IO Port: 0x4008
[    0.000000] IOAPIC[0]: apic_id 2, version 32, address 0xfec00000, GSI 0-23
[    0.000000] ACPI: INT_SRC_OVR (bus 0 bus_irq 0 global_irq 2 dfl dfl)
[    0.000000] ACPI: INT_SRC_OVR (bus 0 bus_irq 9 global_irq 9 low level)
[    0.000000] Using ACPI (MADT) for SMP configuration information
[    0.000000] smpboot: Allowing 2 CPUs, 0 hotplug CPUs
[    0.000000] PM: Registered nosave memory: [mem 0x00000000-0x00000fff]
[    0.000000] PM: Registered nosave memory: [mem 0x0009f000-0x0009ffff]
[    0.000000] PM: Registered nosave memory: [mem 0x000a0000-0x000effff]
[    0.000000] PM: Registered nosave memory: [mem 0x000f0000-0x000fffff]
[    0.000000] e820: [mem 0x80000000-0xfebfffff] available for PCI devices
[    0.000000] Booting paravirtualized kernel on KVM
[    0.000000] clocksource: refined-jiffies: mask: 0xffffffff max_cycles: 0xffffffff, max_idle_ns: 7645519600211568 ns
[    0.000000] random: get_random_bytes called from start_kernel+0x99/0x4fd with crng_init=0
[    0.000000] setup_percpu: NR_CPUS:8192 nr_cpumask_bits:2 nr_cpu_ids:2 nr_node_ids:1
[    0.000000] percpu: Embedded 46 pages/cpu @        (ptrval) s151552 r8192 d28672 u1048576
[    0.000000] PV qspinlock hash table entries: 256 (order: 0, 4096 bytes)
[    0.000000] Built 1 zonelists, mobility grouping on.  Total pages: 515961
[    0.000000] Policy zone: DMA32
[    0.000000] Kernel command line: BOOT_IMAGE=/boot/vmlinuz-4.15.0-58-generic root=LABEL=cloudimg-rootfs ro console=tty1 console=ttyS0
[    0.000000] Memory: 2015644K/2096696K available (12300K kernel code, 2478K rwdata, 4280K rodata, 2424K init, 2384K bss, 81052K reserved, 0K cma-reserved)
[    0.000000] SLUB: HWalign=64, Order=0-3, MinObjects=0, CPUs=2, Nodes=1
[    0.000000] Kernel/User page tables isolation: enabled
[    0.000000] ftrace: allocating 39243 entries in 154 pages
[    0.004000] Hierarchical RCU implementation.
[    0.004000] 	RCU restricting CPUs from NR_CPUS=8192 to nr_cpu_ids=2.
[    0.004000] 	Tasks RCU enabled.
[    0.004000] RCU: Adjusting geometry for rcu_fanout_leaf=16, nr_cpu_ids=2
[    0.004000] NR_IRQS: 524544, nr_irqs: 440, preallocated irqs: 16
[    0.004000] Console: colour VGA+ 80x25
[    0.004000] console [tty1] enabled
[    0.004000] console [ttyS0] enabled
[    0.004000] ACPI: Core revision 20170831
[    0.004000] ACPI: 2 ACPI AML tables successfully acquired and loaded
[    0.004000] APIC: Switch to symmetric I/O mode setup
[    0.004000] x2apic enabled
[    0.004000] Switched APIC routing to physical x2apic.
[    0.004000] ..TIMER: vector=0x30 apic1=0 pin1=2 apic2=-1 pin2=-1
[    0.004000] tsc: Detected 2208.004 MHz processor
[    0.004006] Calibrating delay loop (skipped) preset value.. 4416.00 BogoMIPS (lpj=8832016)
[    0.004967] pid_max: default: 32768 minimum: 301
[    0.005701] Security Framework initialized
[    0.006202] Yama: becoming mindful.
[    0.006651] AppArmor: AppArmor initialized
[    0.008000] Dentry cache hash table entries: 262144 (order: 9, 2097152 bytes)
[    0.009229] Inode-cache hash table entries: 131072 (order: 8, 1048576 bytes)
[    0.010043] Mount-cache hash table entries: 4096 (order: 3, 32768 bytes)
[    0.012004] Mountpoint-cache hash table entries: 4096 (order: 3, 32768 bytes)
[    0.013206] mce: CPU supports 0 MCE banks
[    0.013745] Last level iTLB entries: 4KB 64, 2MB 8, 4MB 8
[    0.014381] Last level dTLB entries: 4KB 64, 2MB 0, 4MB 0, 1GB 4
[    0.015193] Spectre V1 : Mitigation: usercopy/swapgs barriers and __user pointer sanitization
[    0.016003] Spectre V2 : Mitigation: Full generic retpoline
[    0.016765] Spectre V2 : Spectre v2 / SpectreRSB mitigation: Filling RSB on context switch
[    0.017724] Speculative Store Bypass: Vulnerable
[    0.018303] MDS: Vulnerable: Clear CPU buffers attempted, no microcode
[    0.019124] Freeing SMP alternatives memory: 36K
[    0.024000] smpboot: CPU0: Intel(R) Core(TM) i7-8750H CPU @ 2.20GHz (family: 0x6, model: 0x9e, stepping: 0xa)
[    0.024000] Performance Events: unsupported p6 CPU model 158 no PMU driver, software events only.
[    0.024000] Hierarchical SRCU implementation.
[    0.024000] NMI watchdog: Perf event create on CPU 0 failed with -2
[    0.024002] NMI watchdog: Perf NMI watchdog permanently disabled
[    0.024883] smp: Bringing up secondary CPUs ...
[    0.025570] x86: Booting SMP configuration:
[    0.026181] .... node  #0, CPUs:      #1
[    0.004000] kvm-clock: cpu 1, msr 0:7ff44041, secondary cpu clock
[    0.004000] mce: CPU supports 0 MCE banks
[    0.030660] smp: Brought up 1 node, 2 CPUs
[    0.030660] smpboot: Max logical packages: 1
[    0.030660] smpboot: Total of 2 processors activated (8832.01 BogoMIPS)
[    0.032091] devtmpfs: initialized
[    0.032557] x86/mm: Memory block size: 128MB
[    0.033328] evm: security.selinux
[    0.033842] evm: security.SMACK64
[    0.034357] evm: security.SMACK64EXEC
[    0.036002] evm: security.SMACK64TRANSMUTE
[    0.036605] evm: security.SMACK64MMAP
[    0.037135] evm: security.apparmor
[    0.037652] evm: security.ima
[    0.038102] evm: security.capability
[    0.038669] clocksource: jiffies: mask: 0xffffffff max_cycles: 0xffffffff, max_idle_ns: 7645041785100000 ns
[    0.038669] futex hash table entries: 512 (order: 3, 32768 bytes)
[    0.040032] pinctrl core: initialized pinctrl subsystem
[    0.040884] RTC time:  1:28:04, date: 08/23/19
[    0.041660] NET: Registered protocol family 16
[    0.042404] audit: initializing netlink subsys (disabled)
[    0.044095] audit: type=2000 audit(1566523689.074:1): state=initialized audit_enabled=0 res=1
[    0.045316] cpuidle: using governor ladder
[    0.045907] cpuidle: using governor menu
[    0.046508] ACPI: bus type PCI registered
[    0.046508] acpiphp: ACPI Hot Plug PCI Controller Driver version: 0.5
[    0.048001] PCI: Using configuration type 1 for base access
[    0.049907] HugeTLB registered 2.00 MiB page size, pre-allocated 0 pages
[    0.052056] ACPI: Added _OSI(Module Device)
[    0.052613] ACPI: Added _OSI(Processor Device)
[    0.053307] ACPI: Added _OSI(3.0 _SCP Extensions)
[    0.053997] ACPI: Added _OSI(Processor Aggregator Device)
[    0.054760] ACPI: Added _OSI(Linux-Dell-Video)
[    0.054760] ACPI: Added _OSI(Linux-Lenovo-NV-HDMI-Audio)
[    0.056002] ACPI: Added _OSI(Linux-HPI-Hybrid-Graphics)
[    0.056002] ACPI: Executed 1 blocks of module-level executable AML code
[    0.058078] ACPI: Interpreter enabled
[    0.058606] ACPI: (supports S0 S5)
[    0.059136] ACPI: Using IOAPIC for interrupt routing
[    0.060168] PCI: Using host bridge windows from ACPI; if necessary, use "pci=nocrs" and report a bug
[    0.061549] ACPI: Enabled 2 GPEs in block 00 to 07
[    0.067204] ACPI: PCI Root Bridge [PCI0] (domain 0000 [bus 00-ff])
[    0.068000] acpi PNP0A03:00: _OSC: OS supports [ASPM ClockPM Segments MSI]
[    0.068366] acpi PNP0A03:00: _OSC: not requesting OS control; OS requires [ExtendedConfig ASPM ClockPM MSI]
[    0.069707] acpi PNP0A03:00: fail to add MMCONFIG information, can't access extended PCI configuration space under this bridge.
[    0.072229] PCI host bridge to bus 0000:00
[    0.072825] pci_bus 0000:00: root bus resource [io  0x0000-0x0cf7 window]
[    0.073860] pci_bus 0000:00: root bus resource [io  0x0d00-0xffff window]
[    0.074768] pci_bus 0000:00: root bus resource [mem 0x000a0000-0x000bffff window]
[    0.075859] pci_bus 0000:00: root bus resource [mem 0x80000000-0xfdffffff window]
[    0.076002] pci_bus 0000:00: root bus resource [bus 00-ff]
[    0.078225] pci 0000:00:01.1: legacy IDE quirk: reg 0x10: [io  0x01f0-0x01f7]
[    0.079666] pci 0000:00:01.1: legacy IDE quirk: reg 0x14: [io  0x03f6]
[    0.084002] pci 0000:00:01.1: legacy IDE quirk: reg 0x18: [io  0x0170-0x0177]
[    0.085012] pci 0000:00:01.1: legacy IDE quirk: reg 0x1c: [io  0x0376]
[    0.097198] pci 0000:00:07.0: quirk: [io  0x4000-0x403f] claimed by PIIX4 ACPI
[    0.098314] pci 0000:00:07.0: quirk: [io  0x4100-0x410f] claimed by PIIX4 SMB
[    0.108018] ACPI: PCI Interrupt Link [LNKA] (IRQs 5 9 10 *11)
[    0.109215] ACPI: PCI Interrupt Link [LNKB] (IRQs 5 9 *10 11)
[    0.110139] ACPI: PCI Interrupt Link [LNKC] (IRQs 5 *9 10 11)
[    0.111018] ACPI: PCI Interrupt Link [LNKD] (IRQs 5 9 10 *11)
[    0.112003] SCSI subsystem initialized
[    0.112042] pci 0000:00:02.0: vgaarb: setting as boot VGA device
[    0.116001] pci 0000:00:02.0: vgaarb: VGA device added: decodes=io+mem,owns=io+mem,locks=none
[    0.116001] pci 0000:00:02.0: vgaarb: bridge control possible
[    0.116001] vgaarb: loaded
[    0.116013] ACPI: bus type USB registered
[    0.116617] usbcore: registered new interface driver usbfs
[    0.120001] usbcore: registered new interface driver hub
[    0.120005] usbcore: registered new device driver usb
[    0.120012] EDAC MC: Ver: 3.0.0
[    0.120024] PCI: Using ACPI for IRQ routing
[    0.120796] NetLabel: Initializing
[    0.124001] NetLabel:  domain hash size = 128
[    0.124001] NetLabel:  protocols = UNLABELED CIPSOv4 CALIPSO
[    0.124001] NetLabel:  unlabeled traffic allowed by default
[    0.124034] clocksource: Switched to clocksource kvm-clock
[    0.134441] VFS: Disk quotas dquot_6.6.0
[    0.135737] VFS: Dquot-cache hash table entries: 512 (order 0, 4096 bytes)
[    0.136823] AppArmor: AppArmor Filesystem Enabled
[    0.137520] pnp: PnP ACPI init
[    0.138739] pnp: PnP ACPI: found 3 devices
[    0.144422] clocksource: acpi_pm: mask: 0xffffff max_cycles: 0xffffff, max_idle_ns: 2085701024 ns
[    0.145639] NET: Registered protocol family 2
[    0.146377] TCP established hash table entries: 16384 (order: 5, 131072 bytes)
[    0.147387] TCP bind hash table entries: 16384 (order: 6, 262144 bytes)
[    0.149410] TCP: Hash tables configured (established 16384 bind 16384)
[    0.150309] UDP hash table entries: 1024 (order: 3, 32768 bytes)
[    0.151139] UDP-Lite hash table entries: 1024 (order: 3, 32768 bytes)
[    0.152047] NET: Registered protocol family 1
[    0.152690] pci 0000:00:00.0: Limiting direct PCI/PCI transfers
[    0.153671] pci 0000:00:01.0: Activating ISA DMA hang workarounds
[    0.154579] pci 0000:00:02.0: Video device with shadowed ROM at [mem 0x000c0000-0x000dffff]
[    0.155846] Unpacking initramfs...
[    0.386966] Freeing initrd memory: 19144K
[    0.387711] clocksource: tsc: mask: 0xffffffffffffffff max_cycles: 0x1fd3bc108c2, max_idle_ns: 440795311349 ns
[    0.389184] platform rtc_cmos: registered platform RTC device (no PNP device found)
[    0.390301] Scanning for low memory corruption every 60 seconds
[    0.391663] Initialise system trusted keyrings
[    0.392340] Key type blacklist registered
[    0.393024] workingset: timestamp_bits=36 max_order=19 bucket_order=0
[    0.394590] zbud: loaded
[    0.395457] squashfs: version 4.0 (2009/01/31) Phillip Lougher
[    0.396449] fuse init (API version 7.26)
[    0.399201] Key type asymmetric registered
[    0.399753] Asymmetric key parser 'x509' registered
[    0.400596] Block layer SCSI generic (bsg) driver version 0.4 loaded (major 246)
[    0.402091] io scheduler noop registered
[    0.402626] io scheduler deadline registered
[    0.403211] io scheduler cfq registered (default)
[    0.404086] ACPI: AC Adapter [AC] (on-line)
[    0.404678] input: Power Button as /devices/LNXSYSTM:00/LNXPWRBN:00/input/input0
[    0.405890] ACPI: Power Button [PWRF]
[    0.406423] input: Sleep Button as /devices/LNXSYSTM:00/LNXSLPBN:00/input/input1
[    0.407429] ACPI: Sleep Button [SLPF]
[    0.408354] Serial: 8250/16550 driver, 32 ports, IRQ sharing enabled
[    0.408929] ACPI: Battery Slot [BAT0] (battery present)
[    0.430248] 00:02: ttyS0 at I/O 0x3f8 (irq = 4, base_baud = 115200) is a 16550A
[    0.432077] Linux agpgart interface v0.103
[    0.435142] loop: module loaded
[    0.436001] scsi host0: ata_piix
[    0.436644] scsi host1: ata_piix
[    0.437118] ata1: PATA max UDMA/33 cmd 0x1f0 ctl 0x3f6 bmdma 0xd000 irq 14
[    0.437961] ata2: PATA max UDMA/33 cmd 0x170 ctl 0x376 bmdma 0xd008 irq 15
[    0.438931] libphy: Fixed MDIO Bus: probed
[    0.439629] tun: Universal TUN/TAP device driver, 1.6
[    0.440608] PPP generic driver version 2.4.2
[    0.441241] ehci_hcd: USB 2.0 'Enhanced' Host Controller (EHCI) Driver
[    0.442068] ehci-pci: EHCI PCI platform driver
[    0.442669] ehci-platform: EHCI generic platform driver
[    0.443416] ohci_hcd: USB 1.1 'Open' Host Controller (OHCI) Driver
[    0.444202] ohci-pci: OHCI PCI platform driver
[    0.444809] ohci-platform: OHCI generic platform driver
[    0.445527] uhci_hcd: USB Universal Host Controller Interface driver
[    0.446468] i8042: PNP: PS/2 Controller [PNP0303:PS2K,PNP0f03:PS2M] at 0x60,0x64 irq 1,12
[    0.447964] serio: i8042 KBD port at 0x60,0x64 irq 1
[    0.448656] serio: i8042 AUX port at 0x60,0x64 irq 12
[    0.449361] mousedev: PS/2 mouse device common for all mice
[    0.450279] input: AT Translated Set 2 keyboard as /devices/platform/i8042/serio0/input/input2
[    0.451751] rtc_cmos rtc_cmos: rtc core: registered rtc_cmos as rtc0
[    0.452681] rtc_cmos rtc_cmos: alarms up to one day, 114 bytes nvram
[    0.453508] i2c /dev entries driver
[    0.454084] device-mapper: uevent: version 1.0.3
[    0.454724] device-mapper: ioctl: 4.37.0-ioctl (2017-09-20) initialised: dm-devel@redhat.com
[    0.456133] ledtrig-cpu: registered to indicate activity on CPUs
[    0.457232] NET: Registered protocol family 10
[    0.460518] Segment Routing with IPv6
[    0.461026] NET: Registered protocol family 17
[    0.461860] Key type dns_resolver registered
[    0.462605] RAS: Correctable Errors collector initialized.
[    0.463308] sched_clock: Marking stable (462557892, 0)->(694187225, -231629333)
[    0.464822] registered taskstats version 1
[    0.465377] Loading compiled-in X.509 certificates
[    0.467742] Loaded X.509 cert 'Build time autogenerated kernel key: e343dd3e31c9820cf0adf0156bc2eecdcfc394af'
[    0.469407] zswap: loaded using pool lzo/zbud
[    0.472422] Key type big_key registered
[    0.472955] Key type trusted registered
[    0.474977] Key type encrypted registered
[    0.475533] AppArmor: AppArmor sha1 policy hashing enabled
[    0.476494] ima: No TPM chip found, activating TPM-bypass! (rc=-19)
[    0.477302] ima: Allocated hash algorithm: sha1
[    0.477925] evm: HMAC attrs: 0x1
[    0.478569]   Magic number: 15:768:458
[    0.479245] rtc_cmos rtc_cmos: setting system clock to 2019-08-23 01:28:04 UTC (1566523684)
[    0.480568] BIOS EDD facility v0.16 2004-Jun-25, 0 devices found
[    0.481357] EDD information not available.
[    0.605464] Freeing unused kernel image memory: 2424K
[    0.616313] Write protecting the kernel read-only data: 20480k
[    0.619692] Freeing unused kernel image memory: 2008K
[    0.622147] Freeing unused kernel image memory: 1864K
[    0.634094] x86/mm: Checked W+X mappings: passed, no W+X pages found.
[    0.635588] x86/mm: Checking user space page tables
[    0.643172] x86/mm: Checked W+X mappings: passed, no W+X pages found.
Loading, please wait...
starting version 237
[    0.690264] Fusion MPT base driver 3.04.20
[    0.690860] Copyright (c) 1999-2008 LSI Corporation
[    0.692521] e1000: Intel(R) PRO/1000 Network Driver - version 7.3.21-k8-NAPI
[    0.693484] e1000: Copyright (c) 1999-2006 Intel Corporation.
[    0.696599] Fusion MPT SPI Host driver 3.04.20
[    0.714331] AVX2 version of gcm_enc/dec engaged.
[    0.715027] AES CTR mode by8 optimization enabled
[    0.905051] input: ImExPS/2 Generic Explorer Mouse as /devices/platform/i8042/serio1/input/input4
[    1.060107] e1000 0000:00:03.0 eth0: (PCI:33MHz:32-bit) 02:19:d6:3c:94:c8
[    1.061028] e1000 0000:00:03.0 eth0: Intel(R) PRO/1000 Network Connection
[    1.062841] mptbase: ioc0: Initiating bringup
[    1.156427] ioc0: LSI53C1030 A0: Capabilities={Initiator}
[    1.402992] scsi host2: ioc0: LSI53C1030 A0, FwRev=00000000h, Ports=1, MaxQ=256, IRQ=20
[    1.586092] scsi 2:0:0:0: Direct-Access     VBOX     HARDDISK         1.0  PQ: 0 ANSI: 5
[    1.639775] scsi target2:0:0: Beginning Domain Validation
[    1.645698] scsi target2:0:0: Domain Validation skipping write tests
[    1.646747] scsi target2:0:0: Ending Domain Validation
[    1.647516] scsi target2:0:0: asynchronous
[    1.648262] scsi 2:0:1:0: Direct-Access     VBOX     HARDDISK         1.0  PQ: 0 ANSI: 5
[    1.923485] scsi target2:0:1: Beginning Domain Validation
[    1.925942] random: fast init done
[    1.926456] scsi target2:0:1: Domain Validation skipping write tests
[    1.927268] scsi target2:0:1: Ending Domain Validation
[    1.927981] scsi target2:0:1: asynchronous
[    1.931825] random: systemd-udevd: uninitialized urandom read (16 bytes read)
[    1.932859] random: systemd-udevd: uninitialized urandom read (16 bytes read)
[    1.933816] random: systemd-udevd: uninitialized urandom read (16 bytes read)
[    1.935816] sd 2:0:0:0: Attached scsi generic sg0 type 0
[    1.936625] sd 2:0:0:0: [sda] 20971520 512-byte logical blocks: (10.7 GB/10.0 GiB)
[    1.937727] sd 2:0:0:0: [sda] Write Protect is off
[    1.938631] sd 2:0:0:0: [sda] Incomplete mode parameter data
[    1.939408] sd 2:0:0:0: [sda] Assuming drive cache: write through
[    1.940715] sd 2:0:1:0: [sdb] 20480 512-byte logical blocks: (10.5 MB/10.0 MiB)
[    1.941753] sd 2:0:1:0: [sdb] Write Protect is off
[    1.942573] sd 2:0:1:0: Attached scsi generic sg1 type 0
[    1.943305] sd 2:0:1:0: [sdb] Incomplete mode parameter data
[    1.944527] sd 2:0:1:0: [sdb] Assuming drive cache: write through
[    1.955020]  sda: sda1
[    1.956417] sd 2:0:0:0: [sda] Attached SCSI disk
[    1.957670] sd 2:0:1:0: [sdb] Attached SCSI disk
[    1.960444] e1000 0000:00:08.0 eth1: (PCI:33MHz:32-bit) 08:00:27:47:be:b7
[    1.961372] e1000 0000:00:08.0 eth1: Intel(R) PRO/1000 Network Connection
[    1.963087] e1000 0000:00:03.0 enp0s3: renamed from eth0
[    1.976938] e1000 0000:00:08.0 enp0s8: renamed from eth1
Begin: Loading essential drivers ... [    3.364245] raid6: sse2x1   gen() 13422 MB/s
[    3.412098] raid6: sse2x1   xor()  9833 MB/s
[    3.460882] raid6: sse2x2   gen() 16920 MB/s
[    3.508729] raid6: sse2x2   xor() 11270 MB/s
[    3.556483] raid6: sse2x4   gen() 19306 MB/s
[    3.604676] raid6: sse2x4   xor() 12238 MB/s
[    3.652437] raid6: avx2x1   gen() 26886 MB/s
[    3.701270] raid6: avx2x1   xor() 18749 MB/s
[    3.748073] raid6: avx2x2   gen() 31710 MB/s
[    3.796880] raid6: avx2x2   xor() 20708 MB/s
[    3.844727] raid6: avx2x4   gen() 36115 MB/s
[    3.892540] raid6: avx2x4   xor() 22879 MB/s
[    3.893157] raid6: using algorithm avx2x4 gen() 36115 MB/s
[    3.893889] raid6: .... xor() 22879 MB/s, rmw enabled
[    3.894629] raid6: using avx2x2 recovery algorithm
[    3.896356] xor: automatically using best checksumming function   avx       
[    3.898230] async_tx: api initialized (async)
done.
Begin: Running /scripts/init-premount ... done.
Begin: Mounting root file system ... Begin: Running /scripts/local-top ... done.
Begin: Running /scripts/local-premount ... [    3.931033] Btrfs loaded, crc32c=crc32c-intel
Scanning for Btrfs filesystems
done.
Warning: fsck not present, so skipping root file system
[    3.951200] EXT4-fs (sda1): mounted filesystem with ordered data mode. Opts: (null)
done.
Begin: Running /scripts/local-bottom ... done.
Begin: Running /scripts/init-bottom ... done.
[    4.107484] ip_tables: (C) 2000-2006 Netfilter Core Team
[    4.114146] systemd[1]: systemd 237 running in system mode. (+PAM +AUDIT +SELINUX +IMA +APPARMOR +SMACK +SYSVINIT +UTMP +LIBCRYPTSETUP +GCRYPT +GNUTLS +ACL +XZ +LZ4 +SECCOMP +BLKID +ELFUTILS +KMOD -IDN2 +IDN -PCRE2 default-hierarchy=hybrid)
[    4.116945] systemd[1]: Detected virtualization oracle.
[    4.117722] systemd[1]: Detected architecture x86-64.

Welcome to [1mUbuntu 18.04.3 LTS[0m!

[    4.122218] systemd[1]: Set hostname to <ubuntu>.
[    4.125157] systemd[1]: Initializing machine ID from random generator.
[    4.126026] systemd[1]: Installed transient /etc/machine-id file.
[    4.319429] systemd[1]: Started Forward Password Requests to Wall Directory Watch.
[[0;32m  OK  [0m] Started Forward Password Requests to Wall Directory Watch.
[    4.322003] systemd[1]: Created slice User and Session Slice.
[[0;32m  OK  [0m] Created slice User and Session Slice.
[    4.333565] systemd[1]: Reached target User and Group Name Lookups.
[[0;32m  OK  [0m] Reached target User and Group Name Lookups.
[    4.335091] systemd[1]: Reached target Swap.
[[0;32m  OK  [0m] Reached target Swap.
[[0;32m  OK  [0m] Created slice System Slice.
[[0;32m  OK  [0m] Listening on udev Kernel Socket.
[[0;32m  OK  [0m] Listening on Journal Socket (/dev/log).
[[0;32m  OK  [0m] Listening on Network Service Netlink Socket.
[[0;32m  OK  [0m] Listening on Syslog Socket.
[[0;32m  OK  [0m] Created slice system-serial\x2dgetty.slice.
[[0;32m  OK  [0m] Listening on Journal Audit Socket.
[[0;32m  OK  [0m] Listening on udev Control Socket.
[[0;32m  OK  [0m] Reached target Slices.
[[0;32m  OK  [0m] Listening on LVM2 metadata daemon socket.
[[0;32m  OK  [0m] Listening on /dev/initctl Compatibility Named Pipe.
[[0;32m  OK  [0m] Listening on LVM2 poll daemon socket.
[[0;32m  OK  [0m] Listening on Journal Socket.
         Mounting Huge Pages File System...
         Starting Remount Root and Kernel File Systems...
         Mounting Kernel Debug File System...
         Starting udev Coldplug all Devices...
         Starting Load Kernel Modules...
         Starting Journal Service...
[    4.447604] EXT4-fs (sda1): re-mounted. Opts: (null)
         Mounting POSIX Message Queue File System...
[    4.455706] Loading iSCSI transport class v2.0-870.
[    4.460738] iscsi: registered transport (tcp)
[[0;32m  OK  [0m] Listening on Device-mapper event daemon FIFOs.
         Starting Monitoring of LVM2 mirrorsâ€¦ng dmeventd or progress polling...
[    4.475698] iscsi: registered transport (iser)
         Starting Create list of required stâ€¦ce nodes for the current kernel...
[[0;32m  OK  [0m] Set up automount Arbitrary Executabâ€¦rmats File System Automount Point.
         Starting Set the console keyboard layout...
         Starting Uncomplicated firewall...
[[0;32m  OK  [0m] Reached target System Time Synchronized.
[[0;32m  OK  [0m] Started Journal Service.
[[0;32m  OK  [0m] Mounted Huge Pages File System.
[[0;32m  OK  [0m] Started Remount Root and Kernel File Systems.
[[0;32m  OK  [0m] Mounted Kernel Debug File System.
[[0;32m  OK  [0m] Started Load Kernel Modules.
[[0;32m  OK  [0m] Mounted POSIX Message Queue File System.
[[0;32m  OK  [0m] Started Create list of required staâ€¦vice nodes for the current kernel.
[[0;32m  OK  [0m] Started Uncomplicated firewall.
[[0;32m  OK  [0m] Started LVM2 metadata daemon.
         Starting Create Static Device Nodes in /dev...
         Mounting FUSE Control File System...
         Starting Apply Kernel Variables...
         Mounting Kernel Configuration File System...
         Starting Load/Save Random Seed...
         Starting Flush Journal to Persistent Storage...
[[0;32m  OK  [0m] Started udev Coldplug all Devices.
[[0;32m  OK  [0m] Started Create Static Device Nodes in /dev.
[[0;32m  OK  [0m] Started Monitoring of LVM2 mirrors,â€¦sing dmeventd or progress polling.
[[0;32m  OK  [0m] Mounted FUSE Control File System.
[[0;32m  OK  [0m] Mounted Kernel Configuration File System.
[[0;32m  OK  [0m] Started Load/Save Random Seed.
[[0;32m  OK  [0m] Started Apply Kernel Variables.
         Starting udev Kernel Device Manager...
[[0;32m  OK  [0m] Started udev Kernel Device Manager.
[[0;32m  OK  [0m] Started Flush Journal to Persistent Storage.
[[0;32m  OK  [0m] Found device /dev/ttyS0.
[[0;32m  OK  [0m] Listening on Load/Save RF Kill Switch Status /dev/rfkill Watch.
[[0;32m  OK  [0m] Started Set the console keyboard layout.
[[0;32m  OK  [0m] Reached target Local File Systems (Pre).
[[0;32m  OK  [0m] Reached target Local File Systems.
         Starting ebtables ruleset management...
         Starting Commit a transient machine-id on disk...
         Starting Create Volatile Files and Directories...
         Starting Set console font and keymap...
         Starting AppArmor initialization...
         Starting Tell Plymouth To Write Out Runtime Data...
[[0;32m  OK  [0m] Started Dispatch Password Requests to Console Directory Watch.
[[0;32m  OK  [0m] Reached target Local Encrypted Volumes.
[[0;32m  OK  [0m] Started Commit a transient machine-id on disk.
[[0;32m  OK  [0m] Started Create Volatile Files and Directories.
[[0;32m  OK  [0m] Started ebtables ruleset management.
[[0;32m  OK  [0m] Started Tell Plymouth To Write Out Runtime Data.
         Starting Update UTMP about System Boot/Shutdown...
[[0;32m  OK  [0m] Started Update UTMP about System Boot/Shutdown.
[[0;32m  OK  [0m] Started AppArmor initialization.
         Starting Initial cloud-init job (pre-networking)...
[[0;32m  OK  [0m] Started Set console font and keymap.
[    6.768609] cloud-init[844]: Cloud-init v. 19.1-1-gbaa47854-0ubuntu1~18.04.1 running 'init-local' at Fri, 23 Aug 2019 01:28:10 +0000. Up 6.51 seconds.
[[0;32m  OK  [0m] Started Initial cloud-init job (pre-networking).
[[0;32m  OK  [0m] Reached target Network (Pre).
         Starting Network Service...
[[0;32m  OK  [0m] Started Network Service.
         Starting Network Name Resolution...
         Starting Wait for Network to be Configured...
[[0;32m  OK  [0m] Started Network Name Resolution.
[[0;32m  OK  [0m] Reached target Host and Network Name Lookups.
[[0;32m  OK  [0m] Reached target Network.
[[0;32m  OK  [0m] Started Wait for Network to be Configured.
         Starting Initial cloud-init job (metadata service crawler)...
[    9.051542] cloud-init[1000]: Cloud-init v. 19.1-1-gbaa47854-0ubuntu1~18.04.1 running 'init' at Fri, 23 Aug 2019 01:28:12 +0000. Up 8.95 seconds.
[    9.064137] cloud-init[1000]: ci-info: ++++++++++++++++++++++++++++++++++++++Net device info+++++++++++++++++++++++++++++++++++++++
[    9.076372] cloud-init[1000]: ci-info: +--------+-------+----------------------------+---------------+--------+-------------------+
[    9.078195] cloud-init[1000]: ci-info: | Device |   Up  |          Address           |      Mask     | Scope  |     Hw-Address    |
[    9.092456] cloud-init[1000]: ci-info: +--------+-------+----------------------------+---------------+--------+-------------------+
[    9.093309] cloud-init[1000]: ci-info: | enp0s3 |  True |         10.0.2.15          | 255.255.255.0 | global | 02:19:d6:3c:94:c8 |
[    9.094429] cloud-init[1000]: ci-info: | enp0s3 |  True | fe80::19:d6ff:fe3c:94c8/64 |       .       |  link  | 02:19:d6:3c:94:c8 |
[    9.095357] cloud-init[1000]: ci-info: | enp0s8 | False |             .              |       .       |   .    | 08:00:27:47:be:b7 |
[    9.096406] cloud-init[1000]: ci-info: |   lo   |  True |         127.0.0.1          |   255.0.0.0   |  host  |         .         |
[    9.097393] cloud-init[1000]: ci-info: |   lo   |  True |          ::1/128           |       .       |  host  |         .         |
[    9.098394] cloud-init[1000]: ci-info: +--------+-------+----------------------------+---------------+--------+-------------------+
[    9.099378] cloud-init[1000]: ci-info: ++++++++++++++++++++++++++++Route IPv4 info+++++++++++++++++++++++++++++
[    9.100230] cloud-init[1000]: ci-info: +-------+-------------+----------+-----------------+-----------+-------+
[    9.101080] cloud-init[1000]: ci-info: | Route | Destination | Gateway  |     Genmask     | Interface | Flags |
[    9.101928] cloud-init[1000]: ci-info: +-------+-------------+----------+-----------------+-----------+-------+
[    9.102855] cloud-init[1000]: ci-info: |   0   |   0.0.0.0   | 10.0.2.2 |     0.0.0.0     |   enp0s3  |   UG  |
[    9.103715] cloud-init[1000]: ci-info: |   1   |   10.0.2.0  | 0.0.0.0  |  255.255.255.0  |   enp0s3  |   U   |
[    9.104559] cloud-init[1000]: ci-info: |   2   |   10.0.2.2  | 0.0.0.0  | 255.255.255.255 |   enp0s3  |   UH  |
[    9.105540] cloud-init[1000]: ci-info: +-------+-------------+----------+-----------------+-----------+-------+
[    9.106452] cloud-init[1000]: ci-info: +++++++++++++++++++Route IPv6 info+++++++++++++++++++
[    9.107161] cloud-init[1000]: ci-info: +-------+-------------+---------+-----------+-------+
[    9.107898] cloud-init[1000]: ci-info: | Route | Destination | Gateway | Interface | Flags |
[    9.108649] cloud-init[1000]: ci-info: +-------+-------------+---------+-----------+-------+
[    9.109442] cloud-init[1000]: ci-info: |   1   |  fe80::/64  |    ::   |   enp0s3  |   U   |
[    9.110166] cloud-init[1000]: ci-info: |   3   |    local    |    ::   |   enp0s3  |   U   |
[    9.110900] cloud-init[1000]: ci-info: |   4   |   ff00::/8  |    ::   |   enp0s3  |   U   |
[    9.111626] cloud-init[1000]: ci-info: +-------+-------------+---------+-----------+-------+
[    9.634780] cloud-init[1000]: Generating public/private rsa key pair.
[    9.635293] cloud-init[1000]: Your identification has been saved in /etc/ssh/ssh_host_rsa_key.
[    9.644749] cloud-init[1000]: Your public key has been saved in /etc/ssh/ssh_host_rsa_key.pub.
[    9.656414] cloud-init[1000]: The key fingerprint is:
[    9.672363] [cloud-init[0;32m  OK  [0m[1000]: ] SHA256:KRIuq1V+yEmPB1ZWO++WvkXS2e7CV9jtZrz9RbVKbYE root@ubuntu-bionicStarted Initial cloud-init job (metadata service crawler).

[[0;32m  OK  [0m] Reached target System Initialization.
[    9.688414] cloud-init[1000]: The key's randomart image is:
[    9.701297] cloud-init[1000]: +---[RSA 2048]----+
[[0;32m  OK  [0m] Started ACPI Events Check.
[    9.702659] [[0;32m  OK  [0m] Listening on Open-iSCSI iscsid Socket.
cloud-init[1000]: |        .        |         Starting Socket activation for snappy daemon.
[[0;32m  OK  [0m] Started Daily apt download activities.
[[0;32m  OK  [0m] Started Daily apt upgrade and clean activities.
[[0;32m  OK  [0m] Listening on D-Bus System Message Bus Socket.
[[0;32m  OK  [0m] Listening on ACPID Listen Socket.
[[0;32m  OK  [0m] Started Daily Cleanup of Temporary Directories.
[[0;32m  OK  [0m] Listening on UUID daemon activation socket.
         Starting LXD - unix socket.
[[0;32m  OK  [0m] Started Message of the Day.
[[0;32m  OK  [0m] Started Discard unused blocks once a week.
[[0;32m  OK  [0m] Reached target Timers.
[[0;32m  OK  [0m] Reached target Paths.
[[0;32m  OK  [0m] Reached target Network is Online.

[    9.711999] cloud-init[1000]: |       . .    .  |
[    9.712461] cloud-init[1000]: |    . o o    E ..|
[    9.715959] cloud-init[1000]: |   . +   + . o. +|
         Starting Availability of block devices...
[[0;32m  OK  [0m] Reached target Remote File Systems (Pre).
[[0;32m  OK  [0m] Reached target Remote File Systems.
[    9.732495] cloud-init[1000]: |  . B . S o +..*o|
[[0;32m  OK  [0m] Reached target Cloud-config availability.
[    9.756593] [cloud-init[0;32m  OK  [0m[1000]: ] |   O B . . +..+.+|Listening on Socket activation for snappy daemon.

[    9.768140] [cloud-init[0;32m  OK  [0m[1000]: ] |  o * +   +....+.|Listening on LXD - unix socket.

[[0;32m  OK  [0m] Started Availability of block devices.
[    9.781058] cloud-init[1000]: | o   o   o .o.. B|
[    9.782233] [cloud-init[0;32m  OK  [0m[1000]: ] |.         o. o.+=|Reached target Sockets.

[[0;32m  OK  [0m] Reached target Basic System.
         Starting Virtualbox guest utils...
[    9.792176] cloud-init[1000]: +----[SHA256]-----+
[    9.804366]          cloud-initStarting System Logging Service...[1000]: 
Generating public/private dsa key pair.
         Starting LXD - container startup/shutdown...
[    9.806577] cloud-init[1000]: Your identification has been saved in /etc/ssh/ssh_host_dsa_key.
         Starting Pollinate to seed the pseudo random number generator...
[    9.819074] cloud-init[1000]: Your public key has been saved in /etc/ssh/ssh_host_dsa_key.pub.
[    9.819522]          Starting LSB: Record successful boot for GRUB...
cloud-init[1000]: [[0;32m  OK  [0m] Started Deferred execution scheduler.
The key fingerprint is:         Starting Permit User Sessions...

[    9.822128]          Starting Snappy daemon...
         Starting Login Service...
[[0;32m  OK  [0m] Started irqbalance daemon.
[[0;32m  OK  [0m] Started Regular background program processing daemon.
         Starting LSB: automatic crash report generation...
[[0;32m  OK  [0m] Started FUSE filesystem for LXC.
         Starting Dispatcher daemon for systemd-networkd...
[[0;32m  OK  [0m] Started D-Bus System Message Bus.
cloud-init[1000]: SHA256:Nf0lWVM8q/ZJ4ulgeUnfVOQiBWceWJOmJloKBymXJqQ root@ubuntu-bionic
[    9.834411] cloud-init[1000]: The key's randomart image is:
[    9.844251] cloud-init[1000]: +---[DSA 1024]----+
[    9.844617] cloud-init[1000]: |   ..  o    .+B+=|
[    9.856621] cloud-init[1000]: |   .o *    ..=oOo|
[    9.857091] cloud-init[1000]: |  E  = .  o oo= *|
[    9.878268] cloud-init[1000]: |      . ..o.oo =.|
[    9.888332] cloud-init[1000]: |       oS+ o .o .|
[    9.900303] cloud-init[1000]: |        o   o+oo.|
[    9.900854] cloud-init[1000]: |           +oo=.o|
[    9.901317] cloud-init[1000]: |          . oo o |
[    9.901702] cloud-init[1000]: |            ..   |
[    9.902240] cloud-init[1000]: +----[SHA256]-----+
[    9.903093] cloud-init[1000]: Generating public/private ecdsa key pair.
[    9.903800] cloud-init[1000]: Your identification has been saved in /etc/ssh/ssh_host_ecdsa_key.
[    9.904700] cloud-init[1000]: Your public key has been saved in /etc/ssh/ssh_host_ecdsa_key.pub.
[    9.905498] cloud-init[1000]: The key fingerprint is:
[    9.906116] cloud-init[1000]: SHA256:P+t+qXjbWNBBEoPre5/Reo64pGiDogAfV8PWTZ7ibTg root@ubuntu-bionic
[    9.907029] cloud-init[1000]: The key's randomart image is:
[    9.908021] cloud-init[1000]: +---[ECDSA 256]---+
[    9.908712] cloud-init[1000]: |         .=..    |
[    9.909295] cloud-init[1000]: |     . ..+ =     |
[    9.909872] cloud-init[1000]: |      = o.+ .    |
[    9.910441] cloud-init[1000]: |     o o.+ . .   |
[    9.911014] cloud-init[1000]: |. . .  .E + .    |
[    9.911580] cloud-init[1000]: |.. o    .+ . .   |
[    9.912175] cloud-init[1000]: |. .  .   .+ o..  |
[    9.912660] cloud-init[1000]: |. . . o..+oBo=.  |
[    9.913429] cloud-init[1000]: |.. . ...o=X**o.  |
[    9.914013] cloud-init[1000]: +----[SHA256]-----+
[    9.914574] cloud-init[1000]: Generating public/private ed25519 key pair.
[    9.915299] cloud-init[1000]: Your identification has been saved in /etc/ssh/ssh_host_ed25519_key.
[    9.916289] cloud-init[1000]: Your public key has been saved in /etc/ssh/ssh_host_ed25519_key.pub.
[    9.917223] cloud-init[1000]: The key fingerprint is:
[    9.917836] cloud-init[1000]: SHA256:A0zDm0rHi7SDfNMNu8OFmd4l71F+vPhxCeKSWK8xPfg root@ubuntu-bionic
[    9.919045] cloud-init[1000]: The key's randomart image is:
[    9.923762] cloud-init[1000]: +--[ED25519 256]--+
[    9.924436] cloud-init[1000]: |     .o          |
[    9.925095] cloud-init[1000]: |     o..         |
[    9.925668] cloud-init[1000]: |     .oo         |
[    9.926238] cloud-init[1000]: |    o *.         |
[    9.926797] cloud-init[1000]: | . + * OS. ...   |
[    9.927364] cloud-init[1000]: |  o B B *.Bo... .|
[    9.927942] cloud-init[1000]: |   . = = X.=. +..|
[    9.928520] cloud-init[1000]: |      = . B..o + |
[    9.929416] cloud-init[1000]: |       . o.E..o  |
[    9.929991] cloud-init[1000]: +----[SHA256]-----+
         Starting Accounts Service...
[[0;32m  OK  [0m] Started System Logging Service.
[[0;32m  OK  [0m] Started LXD - container startup/shutdown.
[[0;32m  OK  [0m] Started Permit User Sessions.
[[0;32m  OK  [0m] Started Login Service.
[[0;32m  OK  [0m] Started Unattended Upgrades Shutdown.
         Starting Hold until boot process finishes up...
         Starting Terminate Plymouth Boot Screen...
[[0;32m  OK  [0m] Started Hold until boot process finishes up.
[[0;32m  OK  [0m] Started Terminate Plymouth Boot Screen.
         Starting Set console scheme...
[[0;32m  OK  [0m] Started Serial Getty on ttyS0.
[[0;32m  OK  [0m] Started LSB: automatic crash report generation.
[[0;32m  OK  [0m] Started Set console scheme.
[[0;32m  OK  [0m] Created slice system-getty.slice.
[[0;32m  OK  [0m] Started Getty on tty1.
[[0;32m  OK  [0m] Reached target Login Prompts.
[[0;32m  OK  [0m] Started LSB: Record successful boot for GRUB.
[[0;32m  OK  [0m] Started Virtualbox guest utils.
         Starting Authorization Manager...
[[0;32m  OK  [0m] Started Dispatcher daemon for systemd-networkd.
[[0;32m  OK  [0m] Started Authorization Manager.
[[0;32m  OK  [0m] Started Accounts Service.
[[0;32m  OK  [0m] Started Snappy daemon.
         Starting Wait until snapd is fully seeded...
[[0;32m  OK  [0m] Started Pollinate to seed the pseudo random number generator.
         Starting OpenBSD Secure Shell server...
[[0;32m  OK  [0m] Started OpenBSD Secure Shell server.
[[0;32m  OK  [0m] Created slice User Slice of vagrant.
         Starting User Manager for UID 1000...
[[0;32m  OK  [0m] Started Session 1 of user vagrant.
[[0;32m  OK  [0m] Started User Manager for UID 1000.
         Stopping User Manager for UID 1000...
[[0;32m  OK  [0m] Stopped User Manager for UID 1000.
[[0;32m  OK  [0m] Removed slice User Slice of vagrant.
[[0;32m  OK  [0m] Started Wait until snapd is fully seeded.
[   15.705409] cloud-init[1878]: Cloud-init v. 19.1-1-gbaa47854-0ubuntu1~18.04.1 running 'modules:config' at Fri, 23 Aug 2019 01:28:19 +0000. Up 15.43 seconds.
ci-info: no authorized ssh keys fingerprints found for user ubuntu.
<14>Aug 23 01:28:20 ec2: 
<14>Aug 23 01:28:20 ec2: #############################################################
<14>Aug 23 01:28:20 ec2: -----BEGIN SSH HOST KEY FINGERPRINTS-----
<14>Aug 23 01:28:20 ec2: 1024 SHA256:Nf0lWVM8q/ZJ4ulgeUnfVOQiBWceWJOmJloKBymXJqQ root@ubuntu-bionic (DSA)
<14>Aug 23 01:28:20 ec2: 256 SHA256:P+t+qXjbWNBBEoPre5/Reo64pGiDogAfV8PWTZ7ibTg root@ubuntu-bionic (ECDSA)
<14>Aug 23 01:28:20 ec2: 256 SHA256:A0zDm0rHi7SDfNMNu8OFmd4l71F+vPhxCeKSWK8xPfg root@ubuntu-bionic (ED25519)
<14>Aug 23 01:28:20 ec2: 2048 SHA256:KRIuq1V+yEmPB1ZWO++WvkXS2e7CV9jtZrz9RbVKbYE root@ubuntu-bionic (RSA)
<14>Aug 23 01:28:20 ec2: -----END SSH HOST KEY FINGERPRINTS-----
<14>Aug 23 01:28:20 ec2: #############################################################
-----BEGIN SSH HOST KEY KEYS-----
ecdsa-sha2-nistp256 AAAAE2VjZHNhLXNoYTItbmlzdHAyNTYAAAAIbmlzdHAyNTYAAABBBPoANyXCZfYd32EstJzBrzMQV9mDzo0EADSMcyfnn5KmpMbH25qBpiDP+oaWgHY30yEnnJRDPHMV/5Z+NE5uuoU= root@ubuntu-bionic
ssh-ed25519 AAAAC3NzaC1lZDI1NTE5AAAAIFBe4cP7S0/1Y9jUQoa9nOyczzNYi+xsrqECY4dkchdT root@ubuntu-bionic
ssh-rsa AAAAB3NzaC1yc2EAAAADAQABAAABAQDIkl7GknjOGUChfVOyYR9PORNEtiEdLBey+BNgzSTPbW+FtcpkoScCW/9RUs6XLmdxukY6DI47JBPG4WBqMl0d0Awqhn7gFVzQFKPauuWOSRU7W3Q69a1t6byGYaEZXHYX9jscWnLcfDlH9z2m/0569ZmZ3xR7LlmtCgu1E3yhO4NxqZsRYjqErKmWxE8GYxoiJUnygwKcVzOeIc43J1bNsNF0rhLeybGnTPY4WgWqaHAcLgq2zpYn0OoWxmkgvZC3pVR8QpzvEbf/eGN5z5JJalowUxzvTPj8xO0NkTmHpDNNXQGKMPL9H3bVSX6FBW+Pyux1haXj0bdFzXSz+1GB root@ubuntu-bionic
-----END SSH HOST KEY KEYS-----
[   16.075902] cloud-init[2015]: Cloud-init v. 19.1-1-gbaa47854-0ubuntu1~18.04.1 running 'modules:final' at Fri, 23 Aug 2019 01:28:20 +0000. Up 15.98 seconds.
[   16.077317] cloud-init[2015]: ci-info: no authorized ssh keys fingerprints found for user ubuntu.
[   16.078184] cloud-init[2015]: Cloud-init v. 19.1-1-gbaa47854-0ubuntu1~18.04.1 finished at Fri, 23 Aug 2019 01:28:20 +0000. Datasource DataSourceNoCloud [seed=/dev/sdb][dsmode=net].  Up 16.06 seconds

Ubuntu 18.04.3 LTS ubuntu-bionic ttyS0

ubuntu-bionic login: 